============================= test session starts =============================
platform win32 -- Python 3.11.1, pytest-8.4.1, pluggy-1.6.0
rootdir: D:\Projects\SweetShopManagement
plugins: anyio-4.2.0, cov-6.2.1, html-4.1.1, metadata-3.1.1
collected 12 items

tests\test_sweetshop.py ............                                     [100%]

============================= 12 passed in 0.07s ==============================
